{"level":"info","time":"2026-10-07T12:59:41Z","message":"Thank you for trying Cloudflare Tunnel. Doing so, without a Cloudflare account, is a quick way to experiment and try it out. However, be aware that these account-less Tunnels have no uptime guarantee, are subject to the Cloudflare Online Services Terms of Use (https://www.cloudflare.com/website-terms/), and Cloudflare reserves the right to investigate your use of Tunnels for violations of such terms. If you intend to use Tunnels in production you should use a pre-created named tunnel by following: https://developers.cloudflare.com/cloudflare-one/connections/connect-apps"}
{"level":"info","time":"2026-10-07T12:59:41Z","message":"Requesting new quick Tunnel on trycloudflare.com..."}
{"level":"info","time":"2026-10-07T12:59:47Z","message":"+--------------------------------------------------------------------------------------------+"}
{"level":"info","time":"2026-10-07T12:59:47Z","message":"|  Your quick Tunnel has been created! Visit it at (it may take some time to be reachable):  |"}
{"level":"info","time":"2026-10-07T12:59:47Z","message":"|  https://fairy-describing-curious-interstate.trycloudflare.com                             |"}
{"level":"info","time":"2026-10-07T12:59:47Z","message":"+--------------------------------------------------------------------------------------------+"}
{"level":"info","time":"2026-10-07T12:59:47Z","message":"Cannot determine default configuration path. No file [config.yml config.yaml] in [~/.cloudflared ~/.cloudflare-warp ~/cloudflare-warp /etc/cloudflared /usr/local/etc/cloudflared]"}
{"level":"info","time":"2026-10-07T12:59:47Z","message":"Version 2026.10.0 (Checksum d33ff2d14475178d2012c2c56beba87389ac5ded27649519f198a7d3134a99db)"}
{"level":"info","time":"2026-10-07T12:59:47Z","message":"GOOS: linux, GOVersion: go1.26.8, GoArch: amd64"}
{"level":"info","time":"2026-10-07T12:59:47Z","message":"Settings: map[ha-connections:1 logfile:/root/web-cv-cms/tunnel.log protocol:quic url:http://127.0.0.1:8080]"}
{"level":"info","autoupdateFreq":86400000,"time":"2026-10-07T12:59:47Z","message":"Autoupdate frequency is set"}
{"level":"info","time":"2026-10-07T12:59:47Z","message":"Generated Connector ID: 8a1e1612-ea3b-466d-a736-5f75535a8eb1"}
{"level":"info","time":"2026-10-07T12:59:47Z","message":"Initial protocol quic"}
{"level":"info","time":"2026-10-07T12:59:47Z","message":"ICMP proxy will use 10.10.1.40 as source for IPv4"}
{"level":"info","time":"2026-10-07T12:59:47Z","message":"ICMP proxy will use fe80::be24:11ff:fe6e:2688 in zone eth0 as source for IPv6"}
{"level":"warn","error":"Group ID 0 is not between ping group 1 to 0","time":"2026-10-07T12:59:47Z","message":"The user running cloudflared process has a GID (group ID) that is not within ping_group_range. You might need to add that user to a group within that range, or instead update the range to encompass a group the user is already in by modifying /proc/sys/net/ipv4/ping_group_range. Otherwise cloudflared will not be able to ping this network"}
{"level":"warn","error":"cannot create ICMPv4 proxy: Group ID 0 is not between ping group 1 to 0 nor ICMPv6 proxy: socket: permission denied","time":"2026-10-07T12:59:47Z","message":"ICMP proxy feature is disabled"}
{"level":"info","time":"2026-10-07T12:59:47Z","message":"ICMP proxy will use 10.10.1.40 as source for IPv4"}
{"level":"info","time":"2026-10-07T12:59:47Z","message":"ICMP proxy will use fe80::be24:11ff:fe6e:2688 in zone eth0 as source for IPv6"}
{"level":"info","time":"2026-10-07T12:59:47Z","message":"Starting metrics server on 127.0.0.1:20242/metrics"}
{"level":"info","event":0,"ip":"198.41.192.57","connIndex":0,"time":"2026-10-07T12:59:47Z","message":"Tunnel connection curve preferences: [X25519MLKEM768 CurveID(65074) CurveP256]"}
{"level":"info","event":0,"connection":"f4b296e2-e48e-493b-990a-29b7405f880c","connIndex":0,"location":"cgk07","ip":"198.41.192.57","protocol":"quic","time":"2026-10-07T12:59:47Z","message":"Registered tunnel connection"}
{"level":"info","time":"2026-10-07T12:59:53Z","message":"+-------------------------------------------------------------------------------------+"}
{"level":"info","time":"2026-10-07T12:59:53Z","message":"|                               CONNECTIVITY PRE-CHECKS                               |"}
{"level":"info","time":"2026-10-07T12:59:53Z","message":"+-------------------------------------------------------------------------------------+"}
{"level":"info","time":"2026-10-07T12:59:53Z","message":"|  COMPONENT         TARGET                     STATUS  DETAILS                       |"}
{"level":"info","time":"2026-10-07T12:59:53Z","message":"|  DNS Resolution    region1.v2.argotunnel.com  PASS    DNS Resolved successfully     |"}
{"level":"info","time":"2026-10-07T12:59:53Z","message":"|  DNS Resolution    region2.v2.argotunnel.com  PASS    DNS Resolved successfully     |"}
{"level":"info","time":"2026-10-07T12:59:53Z","message":"|  UDP Connectivity  region1.v2.argotunnel.com  PASS    QUIC connection successful    |"}
{"level":"info","time":"2026-10-07T12:59:53Z","message":"|  UDP Connectivity  region2.v2.argotunnel.com  PASS    QUIC connection successful    |"}
{"level":"info","time":"2026-10-07T12:59:53Z","message":"|  TCP Connectivity  region1.v2.argotunnel.com  PASS    HTTP/2 connection successful  |"}
{"level":"info","time":"2026-10-07T12:59:53Z","message":"|  TCP Connectivity  region2.v2.argotunnel.com  PASS    HTTP/2 connection successful  |"}
{"level":"info","time":"2026-10-07T12:59:53Z","message":"|  Cloudflare API    api.cloudflare.com:443     PASS    API is reachable              |"}
{"level":"info","time":"2026-10-07T12:59:53Z","message":"|                                                                                     |"}
{"level":"info","time":"2026-10-07T12:59:53Z","message":"|  SUMMARY: Environment is healthy. cloudflared will use 'quic' as primary protocol.  |"}
{"level":"info","time":"2026-10-07T12:59:53Z","message":"+-------------------------------------------------------------------------------------+"}
{"level":"info","run_id":"6a8e9a76-587c-4860-aead-2051b91d7918","component":"DNS Resolution","target":"region1.v2.argotunnel.com","status":"pass","details":"DNS Resolved successfully","time":"2026-10-07T12:59:53Z","message":"precheck"}
{"level":"info","run_id":"6a8e9a76-587c-4860-aead-2051b91d7918","component":"DNS Resolution","target":"region2.v2.argotunnel.com","status":"pass","details":"DNS Resolved successfully","time":"2026-10-07T12:59:53Z","message":"precheck"}
{"level":"info","run_id":"6a8e9a76-587c-4860-aead-2051b91d7918","component":"UDP Connectivity","target":"region1.v2.argotunnel.com","status":"pass","details":"QUIC connection successful","time":"2026-10-07T12:59:53Z","message":"precheck"}
{"level":"info","run_id":"6a8e9a76-587c-4860-aead-2051b91d7918","component":"UDP Connectivity","target":"region2.v2.argotunnel.com","status":"pass","details":"QUIC connection successful","time":"2026-10-07T12:59:53Z","message":"precheck"}
{"level":"info","run_id":"6a8e9a76-587c-4860-aead-2051b91d7918","component":"TCP Connectivity","target":"region1.v2.argotunnel.com","status":"pass","details":"HTTP/2 connection successful","time":"2026-10-07T12:59:53Z","message":"precheck"}
{"level":"info","run_id":"6a8e9a76-587c-4860-aead-2051b91d7918","component":"TCP Connectivity","target":"region2.v2.argotunnel.com","status":"pass","details":"HTTP/2 connection successful","time":"2026-10-07T12:59:53Z","message":"precheck"}
{"level":"info","run_id":"6a8e9a76-587c-4860-aead-2051b91d7918","component":"Cloudflare API","target":"api.cloudflare.com:443","status":"pass","details":"API is reachable","time":"2026-10-07T12:59:53Z","message":"precheck"}
{"level":"info","run_id":"6a8e9a76-587c-4860-aead-2051b91d7918","hard_fail":false,"suggested_protocol":"quic","time":"2026-10-07T12:59:53Z","message":"precheck complete"}
